; Package list for FULL package installation.

; This is the package list for a FULL install of FreeDOS

; Always include all BASE and FDI packages

; embedded from PKG_BASE.LST
base\kernel
base\freecom
base\jemm
base\himemx
base\fdisk
base\format
base\xcopy
base\attrib
base\chkdsk
base\append
base\assign
base\choice
base\comp
base\cpidos
base\ctmouse
base\debug
base\defrag
base\deltree
base\devload
base\diskcomp
base\diskcopy
base\display
base\edit
base\edlin
base\exe2bin
base\fc
base\fdapm
base\find
base\fdxms
base\fdxms286
base\keyb
base\keyb_lay
base\label
base\lbacache
base\mem
base\mirror
base\mkeyb
base\mode
base\more
base\move
base\nansi
base\nlsfunc
base\print
base\recover
base\replace
base\share
base\shsucdx
base\sort
base\swsubst
base\tree
base\undelete
base\unformat
base\graphics
base\fdhelper
util\ambread
base\ambhelp
util\fdnpkg
util\v8power
apps\fdimples
archiver\unzip
archiver\zip
drivers\udvd2
util\callver
util\cwsdpmi
drivers\shsufdrv
; end of PKG_BASE.LST

; embedded from PKG_FDI.LST
unix\grep
drivers\cdrcache
drivers\srdisk
drivers\doslfn
; end of PKG_FDI.LST

; Include custom release user assistance packages

; Additional packages installed with FULL
unix\xgrep
unix\nro
unix\head
unix\du
unix\sleep
unix\tee
unix\touch
unix\which

archiver\tar
archiver\gzip
archiver\bz2

edit\msedit

util\bootfix
util\pg
util\bmp2png
util\cpied
util\dos32a
util\foxcalc
unix\gnubc
unix\less
util\localize
unix\md5sum
util\part
drivers\usbdos
util\slowdown
util\zerofill
util\xdel

util\dosfsck

util\dosutil

apps\doszip
util\foxtype
drivers\lfndos
util\gnuchcp

util\pcisleep
util\setlock
drivers\spool
util\stamp
util\switchar
util\topspin
unix\trch

drivers\xkeyb

drivers\shareext
util\wcd

; Not Usefull without Networking
net\fdnet
net\mtcp
net\wget
net\curl

; Per Jim, All of Archivers, Base, Editors, Games, Unix-like and Utilities
; Packages should be installed with FULL. These Packages are not referenced
; earlier.
games\bolitare
games\boom
games\dosdef
games\eliza
games\empong
games\ev4de
games\ewsnake
games\flpybird
games\fmines
games\freedoom
games\gnuchess
games\hangman
games\ivan
games\kraptor
games\liquiwar
games\mirmagic
games\nethack
games\nge_nibb
games\noudar
games\qtetris
games\senet
games\sudoku86
games\vertigo
games\vitetris
games\wing
games\zmiy
games\mistral

archiver\7zdec
archiver\p7zip

base\samcfg

edit\biew
edit\blocek
edit\doshexed
edit\e3
edit\elvis
edit\fed
edit\freemacs
edit\mbedit
edit\mined
edit\ospedit
edit\pico
edit\setedit
edit\tde
edit\uhex
edit\vim

unix\cal
unix\gnused
unix\uptimec

util\ansimat
util\b64
util\bsum
util\cdrom2ui

; ClamAV package appears to be broken. Install disabled
; util\clamav
; util\clamdb

util\dialog
apps\dn2
util\dog
util\edict
apps\fdshell

apps\fdtui

util\finddisk
util\gnufonts
util\hexcomp
drivers\hiram
util\localcfg
drivers\lptdrv
util\memteste
drivers\ntfs
util\ospimg
apps\pgme
util\rcal
util\search
net\terminal
util\testdisk
util\utf8tocp
util\wde
util\whichfat
util\wptail

sound\adplay
sound\cdp
sound\dosmid
sound\mplayer
sound\opencp
base\htmlhelp

; new additions and returned packages

; drivers\gcdrom
; drivers\uide
; drivers\atapicdd

drivers\uhdd
util\pkgtools
apps\imgedit
games\smiley
util\tp7p5fix
games\blkdrop
games\sayswho

; Not really useful unless making a FreeDOS release from scratch, moved to XTRA
; util\fdisrc

