
- NASM Map file ---------------------------------------------------------------

Source file:  ../../inicomp/inicomp.asm
Output file:  ../tmp/exo/tdebugx.big

-- Program origin -------------------------------------------------------------

00000000

-- Sections (summary) ---------------------------------------------------------

Vstart            Start             Stop              Length    Class     Name
               0                 0                 0  00000000  progbits  .text
               0                 0               400  00000400  progbits  INIT0
             400               400             12EE0  00012AE0  progbits  PAYLOAD
               0             12EE0             132D0  000003F0  progbits  INIT1
               0             132D0             31000  0001DD30  progbits  INIT2

-- Sections (detailed) --------------------------------------------------------

---- Section .text ------------------------------------------------------------

class:     progbits
length:                   0
start:                    0
align:     not defined
follows:   not defined
vstart:                   0
valign:    not defined
vfollows:  not defined

---- Section INIT0 ------------------------------------------------------------

class:     progbits
length:                 400
start:                    0
align:                  400
follows:   not defined
vstart:                   0
valign:    not defined
vfollows:  not defined

---- Section PAYLOAD ----------------------------------------------------------

class:     progbits
length:               12AE0
start:                  400
align:                   10
follows:   INIT0
vstart:                 400
valign:    not defined
vfollows:  not defined

---- Section INIT1 ------------------------------------------------------------

class:     progbits
length:                 3F0
start:                12EE0
align:                   10
follows:   PAYLOAD
vstart:                   0
valign:    not defined
vfollows:  not defined

---- Section INIT2 ------------------------------------------------------------

class:     progbits
length:               1DD30
start:                132D0
align:                   10
follows:   INIT1
vstart:                   0
valign:    not defined
vfollows:  not defined

-- Symbols --------------------------------------------------------------------

---- No Section ---------------------------------------------------------------

Value     Name
FFFFFFFFFFFFFFF0  LOADSTACKVARS
FFFFFFFFFFFFFFF0  lsvFirstCluster
FFFFFFFFFFFFFFF4  lsvFATSector
FFFFFFFFFFFFFFF8  lsvFATSeg
FFFFFFFFFFFFFFFA  lsvLoadSeg
FFFFFFFFFFFFFFFC  lsvDataStart
00000010  LOADSTACKVARS_size
FFFFFFFFFFFFFFE0  LOADDATA
FFFFFFFFFFFFFFE0  ldMemoryTop
FFFFFFFFFFFFFFE2  ldLoadTop
FFFFFFFFFFFFFFE4  ldSectorSeg
FFFFFFFFFFFFFFE6  ldFATType
FFFFFFFFFFFFFFE7  ldHasLBA
FFFFFFFFFFFFFFE8  ldClusterSize
FFFFFFFFFFFFFFEA  ldParaPerSector
FFFFFFFFFFFFFFEC  ldLoadingSeg
FFFFFFFFFFFFFFEE  ldLoadUntilSeg
00000010  LOADDATA_size
000132D0  image_size
00000000  init1_start._..@98.lframe_?frame_bp
FFFFFFFFFFFFFFFE  init1_start._..@98.lframe_?exemode
00000021  device_header_copy.length
00000000  exo_table_entry
00000000  eteBits
00000001  eteBase
00000003  exo_table_entry_size
00000000  depack._..@125.lframe_?frame_bp
00000002  depack._..@125.lframe_?frame_ip
FFFFFFFFFFFFFFFE  depack._..@125.lframe_?exemode
FFFFFFFFFFFFFFFC  depack._..@125.lframe_?bit_buffer_and_counter
FFFFFFFFFFFFFFFC  depack._..@125.lframe_?bit_buffer
FFFFFFFFFFFFFFFD  depack._..@125.lframe_?counter
FFFFFFFFFFFFFFF8  depack._..@125.lframe_?src
FFFFFFFFFFFFFFF4  depack._..@125.lframe_?original_dst
FFFFFFFFFFFFFFF0  depack._..@125.lframe_?dst
FFFFFFFFFFFFFFEC  depack._..@125.lframe_?src_remaining
FFFFFFFFFFFFFFE8  depack._..@125.lframe_?dst_remaining
00000030  depack._..@125.lframe_?16tablesize
FFFFFFFFFFFFFFB8  depack._..@125.lframe_?lengths
FFFFFFFFFFFFFF88  depack._..@125.lframe_?offsets3
FFFFFFFFFFFFFF58  depack._..@125.lframe_?offsets2
0000000C  depack._..@125.lframe_?4tablesize
FFFFFFFFFFFFFF4C  depack._..@125.lframe_?offsets1
00000000  normalise_pointer._..@237.lframe_?frame_bp
00000002  normalise_pointer._..@237.lframe_?frame_ip
00000006  normalise_pointer._..@237.lframe_?segment
00000004  normalise_pointer._..@237.lframe_?offset
00000000  normalise_pointer_with_displacement_bxcx._..@258.lframe_?frame_bp
00000002  normalise_pointer_with_displacement_bxcx._..@258.lframe_?frame_ip
00000006  normalise_pointer_with_displacement_bxcx._..@258.lframe_?segment
00000004  normalise_pointer_with_displacement_bxcx._..@258.lframe_?offset
00000000  pointer_to_linear._..@281.lframe_?frame_bp
00000002  pointer_to_linear._..@281.lframe_?frame_ip
00000006  pointer_to_linear._..@281.lframe_?segment
00000004  pointer_to_linear._..@281.lframe_?offset
00000025  init0_msg.error_stderr.length
00000007  init0_msg.error_stdout.length
00000000  init2_start._..@312.lframe_?frame_bp
00000004  init2_start._..@312.lframe_?repetitions
00000002  init2_start._..@312.lframe_?whichtest
00008000  ..@326.num
0001D9C0  payload_uncompressed_size
FFFFFFFFFFFFFFFE  init2_start._..@312.lframe_?upperbound
FFFFFFFFFFFFFFFC  init2_start._..@312.lframe_?lowerbound
FFFFFFFFFFFFFFFA  init2_start._..@312.lframe_?current_init1
00008000  ..@348.num
00008000  ..@352.num
00008000  ..@358.num
00000007  init2_msg.progress.1.length
00000001  init2_msg.progress.fail.length
00000001  init2_msg.progress.success.length
00000002  init2_msg.progress.linebreak.length
0000003C  init2_msg.initial_error.length
00000002  init2_msg.linebreak.length
0000003C  init2_msg.initial_error_2.length
00000037  init2_msg.subsequent_error_2.length
00000024  init2_msg.cmdline_error.length
00000007  init2_msg.error_stdout.length


---- Section INIT0 ------------------------------------------------------------

Real              Virtual           Name
               0                 0  init0_start
               0                 0  device_header
               0                 0  device_header.next
               0                 0  ..@57.data
               4                 4  device_header.attributes
               6                 6  device_header.strategy
               8                 8  device_header.interrupt
               A                 A  device_header.name
               A                 A  ..@59.data
              12                12  device_header.strategy_entry
              12                12  ..@61.data
              16                16  device_header.interrupt_entry
              16                16  ..@63.data
              20                20  init0_kernel_entry
              20                20  ..@.@@.1.0
              40                40  j_zero_entrypoint
              40                40  init0_exe_entry
              4B                4B  cmdline
              4B                4B  cmdline.
              60                60  cmdline.digit
              7A                7A  cmdline.notdigit
              8A                8A  cmdline.invalid
              8F                8F  cmdline.a
              94                94  cmdline.b
              99                99  cmdline.end
              A6                A6  init0_common
              C7                C7  init0_common.error
              EB                EB  ..@.@@.1.1
              F0                F0  device_entrypoint
              F0                F0  ..@.@@.1.2
             103               103  ..@.@@.1.3
             121               121  ..@.@@.1.4
             130               130  ..@.@@.1.5
             15C               15C  ..@.@@.1.6
             184               184  device_entrypoint.msg_no_memory
             1A3               1A3  device_entrypoint.msg_dos_below_5
             1CA               1CA  device_entrypoint.msg_linebreak
             1CD               1CD  device_entrypoint.have_some_memory
             1DD               1DD  init0_movp
             1EB               1EB  init0_movp.up
             1ED               1ED  init0_movp.uploop
             20B               20B  init0_movp.uplast
             21B               21B  init0_movp.down
             21C               21C  init0_movp.dnloop
             23C               23C  init0_movp.dnlast
             258               258  ..@.@@.1.7
             25B               25B  ..@.@@.1.8
             25E               25E  init0_movp.return
             25F               25F  init0_msg
             25F               25F  init0_msg.error_stderr
             284               284  init0_msg.error_stdout
             400               400  init0_end

---- Section PAYLOAD ----------------------------------------------------------

Real              Virtual           Name
             400               400  payload
           12ED5             12ED5  payload.end
           12EE0             12EE0  payload_end

---- Section INIT1 ------------------------------------------------------------

Real              Virtual           Name
           12EE0                 0  init1_start
           12EE3                 3  init1_start._..@98.lenter
           12EF6                16  ..@.@@.1.9
           12EFD                1D  init1_start._..@98.lleave
           12F04                24  init1_start.jmp_device_mode
           12F15                35  init1_start.jmp_exe_or_kernel_mode
           12F1A                3A  init1_start.jmp_exe_mode
           12F2A                4A  init1_start.jmp_kernel_mode
           12F2F                4F  error
           12F72                92  error.exit_app_or_kernel
           12F7D                9D  error.exit_kernel_mode
           12F90                B0  device_header_copy
           12F90                B0  device_header_copy.
           12F90                B0  device_header_copy.next
           12F94                B4  device_header_copy.attributes
           12F96                B6  device_header_copy.strategy
           12F98                B8  device_header_copy.interrupt
           12F9A                BA  device_header_copy.name
           12F9A                BA  ..@114.data
           12FA2                C2  device_header_copy.strategy_entry
           12FA2                C2  ..@116.data
           12FA6                C6  device_header_copy.interrupt_entry
           12FA6                C6  ..@118.data
           12FAA                CA  device_header_copy.set_error
           12FB1                D1  disp_error.loop
           12FB4                D4  disp_error
           12FBA                DA  disp_al
           12FCF                EF  disp_al.display_kernel_mode
           12FD5                F5  disp_error.ret
           12FD6                F6  msg
           12FD6                F6  msg.error
           12FFB               11B  depack
           12FFE               11E  depack._..@125.lenter
           13068               188  depack.STATE_IMPLICIT_FIRST_LITERAL_BYTE
           13068               188  depack.literal
           13069               189  depack.STATE_NEXT_LITERAL_BYTE_increment_counter
           13086               1A6  depack.STATE_NEXT_BYTE
           13092               1B2  depack.not_literal
           13092               1B2  depack.get_gamma_code
           13096               1B6  depack.ggc_loop
           130B2               1D2  depack.literal_data_block
           130C7               1E7  depack.not_literal_data_block
           130D4               1F4  depack.sequence
           130F5               215  depack.switch_case1
           130FC               21C  depack.switch_case2
           13101               221  depack.switch_default
           13104               224  depack.switch_common_cl_4
           13106               226  depack.switch_common
           13129               249  ..@.@@.1.10
           1314D               26D  ..@.@@.1.11
           1315C               27C  depack.end_check
           13168               288  depack.end
           13169               289  depack.error
           1316E               28E  read_byte
           13186               2A6  read_byte_to_bit_buffer
           1318D               2AD  bitbuffer_rotate
           13197               2B7  read_bits_1
           1319A               2BA  read_bits
           131AD               2CD  read_bits.loop
           131BE               2DE  read_bits.notzero
           131C2               2E2  read_bits.end
           131CB               2EB  read_bits.byte_copy_zero
           131CB               2EB  read_bits.ret
           131CC               2EC  generate_table_16
           131CF               2EF  generate_table_cx
           131D2               2F2  generate_table_cx.loop
           131FF               31F  generate_table_cx.ret_pop
           13201               321  copy_data
           13220               340  ..@.@@.1.12
           1322C               34C  copy_data.ret
           1322D               34D  check_pointers_not_overlapping
           13248               368  ..@.@@.1.13
           13249               369  check_pointers_not_overlapping._..@125.lleave
           13249               369  normalise_both_pointers
           13250               370  normalise_dssi_pointer
           13258               378  normalise_pointer
           1325B               37B  normalise_pointer._..@237.lenter
           13278               398  normalise_pointer.ret
           13279               399  normalise_pointer._..@237.lleave
           1327A               39A  normalise_pointer_with_displacement_bxcx
           1327D               39D  normalise_pointer_with_displacement_bxcx._..@258.lenter
           13299               3B9  ..@.@@.1.14
           132A3               3C3  normalise_pointer_with_displacement_bxcx.return
           132A8               3C8  normalise_pointer_with_displacement_bxcx._..@258.lleave
           132A9               3C9  pointer_to_linear
           132AC               3CC  pointer_to_linear._..@281.lenter
           132B5               3D5  ..@.@@.1.15
           132C2               3E2  pointer_to_linear._..@281.lleave
           132D0               3F0  init1_end

---- Section INIT2 ------------------------------------------------------------

Real              Virtual           Name
           132D0                 0  init2_start
           132D4                 4  init2_start._..@312.lenter
           132DC                 C  init2_start.cmdline_error
           132E5                15  ..@.@@.1.16
           132EB                1B  init2_start.b
           132F1                21  init2_start.a
           132F5                25  ..@.@@.1.17
           13325                55  ..@.@@.1.18
           13333                63  ..@.@@.1.19
           1333C                6C  init2_start.loop
           13367                97  ..@.@@.1.20
           13371                A1  init2_start.test_b_skip_bound
           133B0                E0  ..@.@@.1.21
           133B5                E5  init2_start.test_b_fail
           133CC                FC  ..@.@@.1.22
           133D8               108  init2_start.found
           13401               131  init2_start.transfer
           13407               137  checkdecompressed
           13417               147  checkdecompressed.loop
           13430               160  checkdecompressed.end
           1343C               16C  checkdecompressed.ret
           13440               170  init2_error
           1345C               18C  ..@.@@.1.23
           13461               191  init2_error._..@312.lleave
           13461               191  init2_disp_al
           1346C               19C  init2_disp_ax_dec
           1346F               19F  init2_disp_ax_dec.pushax
           1347A               1AA  init2_disp_ax_dec.nobl
           1349C               1CC  init2_disp_ax_dec.divide_out
           134A9               1D9  init2_disp_ax_dec.nobl2
           134B2               1E2  init2_disp_ax_dec.leadingzero
           134B5               1E5  init2_msg
           134B5               1E5  init2_msg.progress.1
           134BC               1EC  init2_msg.progress.fail
           134BD               1ED  init2_msg.progress.success
           134BE               1EE  init2_msg.progress.linebreak
           134C0               1F0  init2_msg.initial_error
           134FA               22A  init2_msg.linebreak
           134FC               22C  init2_msg.initial_error_2
           13538               268  init2_msg.subsequent_error_2
           1356F               29F  init2_msg.cmdline_error
           13593               2C3  init2_msg.error_stdout
           1359A               2CA  init2_movp
           135AD               2DD  init2_movp.up
           135AF               2DF  init2_movp.uploop
           135CD               2FD  init2_movp.uplast
           135DD               30D  init2_movp.down
           135DE               30E  init2_movp.dnloop
           135FE               32E  init2_movp.dnlast
           1361A               34A  ..@.@@.1.24
           1361D               34D  ..@.@@.1.25
           13620               350  init2_movp.return
           13630               360  payload_uncompressed
           30FF0             1DD20  payload_uncompressed.end
           31000             1DD30  init2_end

